[Licensing::Module] Trying to connect to existing licensing client channel...
Built from '6000.3/staging' branch; Version is '6000.3.16f1 (a56f230f6470) revision 10841891'; Using compiler version '194234433'; Build Type 'Release'
[Licensing::IpcConnector] Successfully connected to: "LicenseClient-Student" at "2026-09-22T14:37:05.9678596Z"
OS: 'Windows 10  (10.0.19045) 64bit Professional' Language: 'ru' Physical Memory: 16293 MB
BatchMode: 1, IsHumanControllingUs: 0, StartBugReporterOnCrash: 0, Is64bit: 1
System  architecture: x64
Process architecture: x64
Date: 2026-09-22T14:37:05Z

COMMAND LINE ARGUMENTS:
C:\Program Files\Unity\Hub\Editor\6000.3.16f1\Editor\Unity.exe
-adb2
-batchMode
-noUpm
-name
AssetImportWorker3
-projectPath
C:/Users/Student/Documents/GitHub/Motormine
-logFile
Logs/AssetImportWorker3.log
-srvPort
62844
-licensingIpc
LicenseClient-Student
-job-worker-count
7
-background-job-worker-count
8
-gc-helper-count
1
-name
AssetImport
Successfully changed project path to: C:/Users/Student/Documents/GitHub/Motormine
C:/Users/Student/Documents/GitHub/Motormine
[UnityMemory] Configuration Parameters - Can be set up in boot.config
    "memorysetup-temp-allocator-size-nav-mesh-worker=65536"
    "memorysetup-temp-allocator-size-audio-worker=65536"
    "memorysetup-temp-allocator-size-gfx=262144"
    "memorysetup-allocator-temp-initial-block-size-main=262144"
    "memorysetup-allocator-temp-initial-block-size-worker=262144"
    "memorysetup-temp-allocator-size-background-worker=32768"
    "memorysetup-temp-allocator-size-job-worker=262144"
    "memorysetup-temp-allocator-size-preload-manager=33554432"
    "memorysetup-temp-allocator-size-gi-baking-worker=262144"
    "memorysetup-temp-allocator-size-gi-baking-worker=262144"
    "memorysetup-temp-allocator-size-gi-baking-worker=262144"
    "memorysetup-temp-allocator-size-gi-baking-worker=262144"
    "memorysetup-temp-allocator-size-gi-baking-worker=262144"
    "memorysetup-bucket-allocator-granularity=16"
    "memorysetup-bucket-allocator-bucket-count=8"
    "memorysetup-bucket-allocator-block-size=33554432"
    "memorysetup-bucket-allocator-block-count=8"
    "memorysetup-main-allocator-block-size=16777216"
    "memorysetup-thread-allocator-block-size=16777216"
    "memorysetup-gfx-main-allocator-block-size=16777216"
    "memorysetup-gfx-thread-allocator-block-size=16777216"
    "memorysetup-cache-allocator-block-size=4194304"
    "memorysetup-typetree-allocator-block-size=2097152"
    "memorysetup-profiler-bucket-allocator-granularity=16"
    "memorysetup-profiler-bucket-allocator-bucket-count=8"
    "memorysetup-profiler-bucket-allocator-block-size=33554432"
    "memorysetup-profiler-bucket-allocator-block-count=8"
    "memorysetup-profiler-allocator-block-size=16777216"
    "memorysetup-profiler-editor-allocator-block-size=1048576"
    "memorysetup-temp-allocator-size-main=16777216"
    "memorysetup-job-temp-allocator-block-size=2097152"
    "memorysetup-job-temp-allocator-block-size-background=1048576"
    "memorysetup-job-temp-allocator-reduction-small-platforms=262144"
    "memorysetup-temp-allocator-size-cloud-worker=32768"
Player connection [13216]  Target information:

Player connection [13216]  * "[IP] 10.112.15.17 [Port] 0 [Flags] 2 [Guid] 1167191261 [EditorId] 1167191261 [Version] 1048832 [Id] WindowsEditor(7,DESKTOP-9I4GV0U) [Debug] 1 [PackageName] WindowsEditor [ProjectName] Editor" 

Player connection [13216] Host joined multi-casting on [225.0.0.222:54997]...
Player connection [13216] Host joined alternative multi-casting on [225.0.0.222:34997]...
JobSystem: Creating JobQueue using job-worker-count value 7
Input System module state changed to: Initialized.
[Physics::Module] Initialized fallback backend.
[Physics::Module] Id: 0xdecafbad
Library Redirect Path: Library/
[Physics::Module] Selected backend.
[Physics::Module] Name: PhysX
[Physics::Module] Id: 0xf2b8ea05
[Physics::Module] SDK Version: 4.1.2
[Physics::Module] Integration Version: 1.0.0
[Physics::Module] Threading Mode: Multi-Threaded
Refreshing native plugins compatible for Editor in 8.30 ms, found 4 plugins.
Preloading 0 native plugins for Editor in 0.00 ms.
Initialize engine version: 6000.3.16f1 (a56f230f6470)
[Subsystems] Discovering subsystems at path C:/Program Files/Unity/Hub/Editor/6000.3.16f1/Editor/Data/Resources/UnitySubsystems
[Subsystems] Discovering subsystems at path C:/Users/Student/Documents/GitHub/Motormine/Assets
GfxDevice: creating device client; kGfxThreadingModeNonThreaded
d3d12: failed to query info queue interface (0x80004002).
Direct3D:
    Version:         Direct3D 12 [level 12.1]
    Renderer:        NVIDIA GeForce GTX 1660 (ID=0x2184)
    Vendor:          NVIDIA
    VRAM:            5966 MB
    App VRAM Budget: 5198 MB
    Driver:          32.0.15.8115
Initialize mono
Mono path[0] = 'C:/Program Files/Unity/Hub/Editor/6000.3.16f1/Editor/Data/Managed'
Mono path[1] = 'C:/Program Files/Unity/Hub/Editor/6000.3.16f1/Editor/Data/MonoBleedingEdge/lib/mono/unityjit-win32'
Mono config path = 'C:/Program Files/Unity/Hub/Editor/6000.3.16f1/Editor/Data/MonoBleedingEdge/etc'
Using monoOptions --debugger-agent=transport=dt_socket,embedding=1,server=y,suspend=n,address=127.0.0.1:56292
Begin MonoManager ReloadAssembly
Registering precompiled unity dll's ...
Register platform support module: C:/Program Files/Unity/Hub/Editor/6000.3.16f1/Editor/Data/PlaybackEngines/WindowsStandaloneSupport/UnityEditor.WindowsStandalone.Extensions.dll
[Licensing::Module] Licensing is not yet initialized.
[Licensing::Client] Error: HandshakeResponse reported an error:
	ResponseCode: 505
	ResponseStatus: Unsupported protocol version '1.18.1'.
[Licensing::Module] Error: Failed to handshake to channel: "LicenseClient-Student"
[Licensing::IpcConnector] LicenseClient-Student channel disconnected successfully.
[Licensing::IpcConnector] Successfully connected to: "LicenseClient-Student-6000.3.16" at "2026-09-22T14:37:07.6537668Z"
[Licensing::Client] Code 10 while verifying Licensing Client signature (process Id: 5204, path: "C:/Program Files/Unity/Hub/Editor/6000.3.16f1/Editor/Data/Resources/Licensing/Client/Unity.Licensing.Client.exe")
[Licensing::Module] LicensingClient has failed validation; ignoring
[Licensing::Client] Handshaking with LicensingClient:
  Version:                 1.18.1+9fbee8e
  Session Id:              e4b897f4082c4650b7b1752fe26f1e6d
  Correlation Id:          97c6598b90c240a3f13472bc457d9f1c
  External correlation Id: 4438704921889123068
  Machine Id:              fX3VX1t0RxaS6BIpmMxpLBkMEC8=
[Licensing::Module] Successfully connected to LicensingClient on channel: "LicenseClient-Student-6000.3.16" (connect: 0.00s, validation: 0.00s, handshake: 0.01s)
[Licensing::IpcConnector] Successfully connected to: "LicenseClient-Student-6000.3.16-notifications" at "2026-09-22T14:37:07.661695Z"
[Licensing::Module] Licensing Background thread has ended after 1.69s
[Licensing::Module] Licensing is initialized (took 0.26s).
[Licensing::Client] Successfully resolved entitlement details
[Licensing::Module] License group:
  Id: 10170851685755-UnityPersXXXX
  Product: Unity Personal
  Type: Assigned
  Expiration: Unlimited
Register platform support module: C:/Program Files/Unity/Hub/Editor/6000.3.16f1/Editor/Data/PlaybackEngines/MetroSupport/UnityEditor.UWP.Extensions.dll
Registered in 0.261376 seconds.
- Loaded All Assemblies, in  0.886 seconds
Native extension for UWP target not found
Native extension for WindowsStandalone target not found
Package Manager log level set to [2]
[Package Manager] Failed to launch server process. Reason: Unity was launched with the -noUpm command-line argument
[Package Manager] Unable to send message (not connected to server process).
[Package Manager] Cannot connect to Unity Package Manager local server
ScheduleIndexationOnStartup MainProcess:False IndexOnStartup:True
Mono: successfully reloaded assembly
- Finished resetting the current domain, in  0.455 seconds
Domain Reload Profiling: 1336ms
	BeginReloadAssembly (257ms)
		ExecutionOrderSort (0ms)
		DisableScriptedObjects (0ms)
		BackupInstance (0ms)
		ReleaseScriptingObjects (0ms)
		CreateAndSetChildDomain (1ms)
	RebuildCommonClasses (55ms)
	RebuildNativeTypeToScriptingClass (23ms)
	initialDomainReloadingComplete (324ms)
	LoadAllAssembliesAndSetupDomain (221ms)
		LoadAssemblies (252ms)
		RebuildTransferFunctionScriptingTraits (0ms)
		AnalyzeDomain (217ms)
			TypeCache.Refresh (215ms)
				TypeCache.ScanAssembly (199ms)
			BuildScriptInfoCaches (0ms)
			ResolveRequiredComponents (1ms)
	FinalizeReload (456ms)
		ReleaseScriptCaches (0ms)
		RebuildScriptCaches (0ms)
		SetupLoadedEditorAssemblies (391ms)
			LogAssemblyErrors (0ms)
			InitializePlatformSupportModulesInManaged (55ms)
			SetLoadedEditorAssemblies (4ms)
			BeforeProcessingInitializeOnLoad (96ms)
			ProcessInitializeOnLoadAttributes (156ms)
			ProcessInitializeOnLoadMethodAttributes (80ms)
			AfterProcessingInitializeOnLoad (0ms)
			EditorAssembliesLoaded (0ms)
		ExecutionOrderSort2 (0ms)
		AwakeInstancesAfterBackupRestoration (0ms)
========================================================================
Worker process is ready to serve import requests
Import Worker Mode flag is 0x00
Begin MonoManager ReloadAssembly
[Licensing::Client] Successfully resolved entitlement details
- Loaded All Assemblies, in  1.130 seconds
Refreshing native plugins compatible for Editor in 3.42 ms, found 4 plugins.
Native extension for UWP target not found
Native extension for WindowsStandalone target not found
[Package Manager] Failed to launch server process. Reason: Unity was launched with the -noUpm command-line argument
[Package Manager] Unable to send message (not connected to server process).
[Package Manager] Cannot connect to Unity Package Manager local server
Refreshing native plugins compatible for Editor in 2.79 ms, found 4 plugins.
[Package Manager] Failed to launch server process. Reason: Unity was launched with the -noUpm command-line argument
[Package Manager] Unable to send message (not connected to server process).
[Package Manager] Cannot connect to Unity Package Manager local server
ScheduleIndexationOnStartup MainProcess:False IndexOnStartup:True
Mono: successfully reloaded assembly
- Finished resetting the current domain, in  0.892 seconds
Domain Reload Profiling: 2014ms
	BeginReloadAssembly (266ms)
		ExecutionOrderSort (0ms)
		DisableScriptedObjects (6ms)
		BackupInstance (0ms)
		ReleaseScriptingObjects (0ms)
		CreateAndSetChildDomain (30ms)
	RebuildCommonClasses (45ms)
	RebuildNativeTypeToScriptingClass (14ms)
	initialDomainReloadingComplete (46ms)
	LoadAllAssembliesAndSetupDomain (750ms)
		LoadAssemblies (592ms)
		RebuildTransferFunctionScriptingTraits (0ms)
		AnalyzeDomain (328ms)
			TypeCache.Refresh (235ms)
				TypeCache.ScanAssembly (215ms)
			BuildScriptInfoCaches (78ms)
			ResolveRequiredComponents (11ms)
	FinalizeReload (893ms)
		ReleaseScriptCaches (0ms)
		RebuildScriptCaches (0ms)
		SetupLoadedEditorAssemblies (647ms)
			LogAssemblyErrors (0ms)
			InitializePlatformSupportModulesInManaged (3ms)
			SetLoadedEditorAssemblies (8ms)
			BeforeProcessingInitializeOnLoad (173ms)
			ProcessInitializeOnLoadAttributes (383ms)
			ProcessInitializeOnLoadMethodAttributes (72ms)
			AfterProcessingInitializeOnLoad (8ms)
			EditorAssembliesLoaded (0ms)
		ExecutionOrderSort2 (0ms)
		AwakeInstancesAfterBackupRestoration (7ms)
Launched and connected shader compiler UnityShaderCompiler.exe after 0.01 seconds
Refreshing native plugins compatible for Editor in 3.81 ms, found 4 plugins.
Preloading 0 native plugins for Editor in 0.00 ms.
Unloading 16 Unused Serialized files (Serialized files now loaded: 0)
Unloading 6439 unused Assets / (4.8 MB). Loaded Objects now: 7232.
Memory consumption went from 151.3 MB to 146.5 MB.
Total: 10.626800 ms (FindLiveObjects: 0.843400 ms CreateObjectMapping: 1.215300 ms MarkObjects: 5.821100 ms  DeleteObjects: 2.745900 ms)

========================================================================
Received Import Request.
  Time since last request: 1041969.245367 seconds.
  path: Assets/Settings/PC_Renderer.asset
  artifactKey: Guid(f288ae1f4751b564a96ac7587541f7a2) Importer(2089858483,b0f066a214c2f5e87bad3c948f4d605d)
Start importing Assets/Settings/PC_Renderer.asset using Guid(f288ae1f4751b564a96ac7587541f7a2) Importer(2089858483,b0f066a214c2f5e87bad3c948f4d605d) (ScriptedImporter) -> (artifact id: '20e53045ad888dc62f972fc6ed974153') in 0.1593188 seconds
Number of updated asset objects reloaded before import = 0Number of asset objects unloaded after import = 1

========================================================================
Received Import Request.
  Time since last request: 0.000025 seconds.
  path: Assets/Settings/SampleSceneProfile.asset
  artifactKey: Guid(10fc4df2da32a41aaa32d77bc913491c) Importer(2089858483,b0f066a214c2f5e87bad3c948f4d605d)
Start importing Assets/Settings/SampleSceneProfile.asset using Guid(10fc4df2da32a41aaa32d77bc913491c) Importer(2089858483,b0f066a214c2f5e87bad3c948f4d605d) (ScriptedImporter) -> (artifact id: '9fc846c3a059b3dfd692f4caf545c1f4') in 0.0125413 seconds
Number of updated asset objects reloaded before import = 0Number of asset objects unloaded after import = 1

========================================================================
Received Import Request.
  Time since last request: 0.000027 seconds.
  path: Assets/Settings/Mobile_RPAsset.asset
  artifactKey: Guid(5e6cbd92db86f4b18aec3ed561671858) Importer(2089858483,b0f066a214c2f5e87bad3c948f4d605d)
Start importing Assets/Settings/Mobile_RPAsset.asset using Guid(5e6cbd92db86f4b18aec3ed561671858) Importer(2089858483,b0f066a214c2f5e87bad3c948f4d605d) (ScriptedImporter) -> (artifact id: '5963e43c0385b6cafb161b7637241953') in 0.0673878 seconds
Number of updated asset objects reloaded before import = 0Number of asset objects unloaded after import = 2

========================================================================
Received Import Request.
  Time since last request: 0.000016 seconds.
  path: Assets/Readme.asset
  artifactKey: Guid(8105016687592461f977c054a80ce2f2) Importer(2089858483,b0f066a214c2f5e87bad3c948f4d605d)
Start importing Assets/Readme.asset using Guid(8105016687592461f977c054a80ce2f2) Importer(2089858483,b0f066a214c2f5e87bad3c948f4d605d) (ScriptedImporter) -> (artifact id: '724ac960b1adfd70a901c37eb9c0c03a') in 0.0147173 seconds
Number of updated asset objects reloaded before import = 0Number of asset objects unloaded after import = 2

========================================================================
Received Import Request.
  Time since last request: 394.353234 seconds.
  path: Assets/Free Demo of Low Poly Space Alien Worlds 3D Asset Pack/Models/Space Forest/SP_Plants/SP_Plant02.fbx
  artifactKey: Guid(8b10968960e04fa49a074afad919b5cd) Importer(2089858483,b0f066a214c2f5e87bad3c948f4d605d)
Start importing Assets/Free Demo of Low Poly Space Alien Worlds 3D Asset Pack/Models/Space Forest/SP_Plants/SP_Plant02.fbx using Guid(8b10968960e04fa49a074afad919b5cd) Importer(2089858483,b0f066a214c2f5e87bad3c948f4d605d) (ScriptedImporter) -> (artifact id: '63f61d7712d50f856007c41c2637ee16') in 0.0797941 seconds
Number of updated asset objects reloaded before import = 0Number of asset objects unloaded after import = 9

========================================================================
Received Import Request.
  Time since last request: 0.000022 seconds.
  path: Assets/Free Demo of Low Poly Space Alien Worlds 3D Asset Pack/Prefabs/Space Forest/SP_Rocks
  artifactKey: Guid(0b3302b6d06dab3429c823c6df937e47) Importer(2089858483,b0f066a214c2f5e87bad3c948f4d605d)
Start importing Assets/Free Demo of Low Poly Space Alien Worlds 3D Asset Pack/Prefabs/Space Forest/SP_Rocks using Guid(0b3302b6d06dab3429c823c6df937e47) Importer(2089858483,b0f066a214c2f5e87bad3c948f4d605d) (ScriptedImporter) -> (artifact id: '1d65d9cc9a91091d66fce2a4fc87bb12') in 0.0077438 seconds
Number of updated asset objects reloaded before import = 0Number of asset objects unloaded after import = 1

========================================================================
Received Import Request.
  Time since last request: 0.000024 seconds.
  path: Assets/Free Demo of Low Poly Space Alien Worlds 3D Asset Pack/Prefabs/Space Forest/SP_Mountains/SP_Mountain01.prefab
  artifactKey: Guid(b4d4a657ba67ffd4bbb5553d94e0bf4a) Importer(2089858483,b0f066a214c2f5e87bad3c948f4d605d)
Start importing Assets/Free Demo of Low Poly Space Alien Worlds 3D Asset Pack/Prefabs/Space Forest/SP_Mountains/SP_Mountain01.prefab using Guid(b4d4a657ba67ffd4bbb5553d94e0bf4a) Importer(2089858483,b0f066a214c2f5e87bad3c948f4d605d) (ScriptedImporter) -> (artifact id: '0a67ed85b63a1aca00171087d97b5723') in 0.0144624 seconds
Number of updated asset objects reloaded before import = 0Number of asset objects unloaded after import = 8

========================================================================
Received Import Request.
  Time since last request: 0.000017 seconds.
  path: Assets/Free Demo of Low Poly Space Alien Worlds 3D Asset Pack/Prefabs/Space Forest/SP_Trees/SP_Tree01.prefab
  artifactKey: Guid(5cebe2a4682309d48b7f35987ae3d135) Importer(2089858483,b0f066a214c2f5e87bad3c948f4d605d)
Start importing Assets/Free Demo of Low Poly Space Alien Worlds 3D Asset Pack/Prefabs/Space Forest/SP_Trees/SP_Tree01.prefab using Guid(5cebe2a4682309d48b7f35987ae3d135) Importer(2089858483,b0f066a214c2f5e87bad3c948f4d605d) (ScriptedImporter) -> (artifact id: '976bc3b0623a03efd2bd5ffae8f86448') in 0.0135112 seconds
Number of updated asset objects reloaded before import = 0Number of asset objects unloaded after import = 8

========================================================================
Received Import Request.
  Time since last request: 0.000014 seconds.
  path: Assets/Free Demo of Low Poly Space Alien Worlds 3D Asset Pack/Models/Space Forest/SP_Mountains/SP_Mountain01.fbx
  artifactKey: Guid(f6d0095325146194c8a81d4c64f81a33) Importer(2089858483,b0f066a214c2f5e87bad3c948f4d605d)
Start importing Assets/Free Demo of Low Poly Space Alien Worlds 3D Asset Pack/Models/Space Forest/SP_Mountains/SP_Mountain01.fbx using Guid(f6d0095325146194c8a81d4c64f81a33) Importer(2089858483,b0f066a214c2f5e87bad3c948f4d605d) (ScriptedImporter) -> (artifact id: '44d0141a0f6360cedcc5cc80b90f1773') in 0.0188994 seconds
Number of updated asset objects reloaded before import = 0Number of asset objects unloaded after import = 9

========================================================================
Received Import Request.
  Time since last request: 0.000016 seconds.
  path: Assets/Free Demo of Low Poly Space Alien Worlds 3D Asset Pack/Models/Space Forest/SP_Ground/SP_Ground03.fbx
  artifactKey: Guid(dd649952d9bd5fa4582239dd815c670f) Importer(2089858483,b0f066a214c2f5e87bad3c948f4d605d)
Start importing Assets/Free Demo of Low Poly Space Alien Worlds 3D Asset Pack/Models/Space Forest/SP_Ground/SP_Ground03.fbx using Guid(dd649952d9bd5fa4582239dd815c670f) Importer(2089858483,b0f066a214c2f5e87bad3c948f4d605d) (ScriptedImporter) -> (artifact id: 'c8b8ba8886a89467605090917397f97c') in 0.0163563 seconds
Number of updated asset objects reloaded before import = 0Number of asset objects unloaded after import = 9

========================================================================
Received Import Request.
  Time since last request: 0.000024 seconds.
  path: Assets/Free Demo of Low Poly Space Alien Worlds 3D Asset Pack/Prefabs/Space Forest/SP_Ground/SP_Ground03.prefab
  artifactKey: Guid(50b1b9be61eeee34e819e48b54bfe40c) Importer(2089858483,b0f066a214c2f5e87bad3c948f4d605d)
Start importing Assets/Free Demo of Low Poly Space Alien Worlds 3D Asset Pack/Prefabs/Space Forest/SP_Ground/SP_Ground03.prefab using Guid(50b1b9be61eeee34e819e48b54bfe40c) Importer(2089858483,b0f066a214c2f5e87bad3c948f4d605d) (ScriptedImporter) -> (artifact id: '6d4abe9225f916bbb846e1152a4ff127') in 0.0157432 seconds
Number of updated asset objects reloaded before import = 0Number of asset objects unloaded after import = 8

========================================================================
Received Import Request.
  Time since last request: 0.000014 seconds.
  path: Assets/Free Demo of Low Poly Space Alien Worlds 3D Asset Pack/Prefabs/Space Forest/SP_Mountains
  artifactKey: Guid(b5adbd5e0ae3d594b9125db6feb4e03c) Importer(2089858483,b0f066a214c2f5e87bad3c948f4d605d)
Start importing Assets/Free Demo of Low Poly Space Alien Worlds 3D Asset Pack/Prefabs/Space Forest/SP_Mountains using Guid(b5adbd5e0ae3d594b9125db6feb4e03c) Importer(2089858483,b0f066a214c2f5e87bad3c948f4d605d) (ScriptedImporter) -> (artifact id: 'ac775ec0e7b019bdc670bd58893bb4b7') in 0.0085952 seconds
Number of updated asset objects reloaded before import = 0Number of asset objects unloaded after import = 1

========================================================================
Received Import Request.
  Time since last request: 0.000014 seconds.
  path: Assets/Free Demo of Low Poly Space Alien Worlds 3D Asset Pack/Prefabs
  artifactKey: Guid(aa0a9b43976d16b4fbe1cd65d69e7057) Importer(2089858483,b0f066a214c2f5e87bad3c948f4d605d)
Start importing Assets/Free Demo of Low Poly Space Alien Worlds 3D Asset Pack/Prefabs using Guid(aa0a9b43976d16b4fbe1cd65d69e7057) Importer(2089858483,b0f066a214c2f5e87bad3c948f4d605d) (ScriptedImporter) -> (artifact id: 'c1d3c02d3920e0cf453d0feb4d3050ee') in 0.0085968 seconds
Number of updated asset objects reloaded before import = 0Number of asset objects unloaded after import = 1

========================================================================
Received Import Request.
  Time since last request: 0.000017 seconds.
  path: Assets/Free Demo of Low Poly Space Alien Worlds 3D Asset Pack/Prefabs/Space Forest/SP_Crystals/SP_Crystal01.prefab
  artifactKey: Guid(d17e4af726443cd4493d58b7668395cd) Importer(2089858483,b0f066a214c2f5e87bad3c948f4d605d)
Start importing Assets/Free Demo of Low Poly Space Alien Worlds 3D Asset Pack/Prefabs/Space Forest/SP_Crystals/SP_Crystal01.prefab using Guid(d17e4af726443cd4493d58b7668395cd) Importer(2089858483,b0f066a214c2f5e87bad3c948f4d605d) (ScriptedImporter) -> (artifact id: 'aecbe889bcf753682ad3604c4eeca79a') in 0.0112072 seconds
Number of updated asset objects reloaded before import = 0Number of asset objects unloaded after import = 8

========================================================================
Received Import Request.
  Time since last request: 0.000020 seconds.
  path: Assets/Free Demo of Low Poly Space Alien Worlds 3D Asset Pack/Models/Space Forest/SP_Sci-fi_Antenna.fbx
  artifactKey: Guid(7662c81f4ed04e244b69b18f5e284f6b) Importer(2089858483,b0f066a214c2f5e87bad3c948f4d605d)
Start importing Assets/Free Demo of Low Poly Space Alien Worlds 3D Asset Pack/Models/Space Forest/SP_Sci-fi_Antenna.fbx using Guid(7662c81f4ed04e244b69b18f5e284f6b) Importer(2089858483,b0f066a214c2f5e87bad3c948f4d605d) (ScriptedImporter) -> (artifact id: '15cc813413768cf6789021ac7c0d8010') in 0.0161122 seconds
Number of updated asset objects reloaded before import = 0Number of asset objects unloaded after import = 9

========================================================================
Received Import Request.
  Time since last request: 0.000014 seconds.
  path: Assets/Free Demo of Low Poly Space Alien Worlds 3D Asset Pack/Prefabs/Space Forest/SP_Plants/SP_Plant06.prefab
  artifactKey: Guid(aba00a3a9f0d5bc4cbd0b1bc12a3c58a) Importer(2089858483,b0f066a214c2f5e87bad3c948f4d605d)
Start importing Assets/Free Demo of Low Poly Space Alien Worlds 3D Asset Pack/Prefabs/Space Forest/SP_Plants/SP_Plant06.prefab using Guid(aba00a3a9f0d5bc4cbd0b1bc12a3c58a) Importer(2089858483,b0f066a214c2f5e87bad3c948f4d605d) (ScriptedImporter) -> (artifact id: 'f6c37f5cfb8211f1247ed0ce67d7cb57') in 0.010894 seconds
Number of updated asset objects reloaded before import = 0Number of asset objects unloaded after import = 8

========================================================================
Received Import Request.
  Time since last request: 0.000017 seconds.
  path: Assets/Free Demo of Low Poly Space Alien Worlds 3D Asset Pack/Prefabs/Space Forest/SP_Planet.prefab
  artifactKey: Guid(7d470bd30d5ceec4383744406c8b6440) Importer(2089858483,b0f066a214c2f5e87bad3c948f4d605d)
Start importing Assets/Free Demo of Low Poly Space Alien Worlds 3D Asset Pack/Prefabs/Space Forest/SP_Planet.prefab using Guid(7d470bd30d5ceec4383744406c8b6440) Importer(2089858483,b0f066a214c2f5e87bad3c948f4d605d) (ScriptedImporter) -> (artifact id: '30c4cbc023c79a3a20a6ab21f7bda688') in 0.012164 seconds
Number of updated asset objects reloaded before import = 0Number of asset objects unloaded after import = 8

========================================================================
Received Import Request.
  Time since last request: 0.000019 seconds.
  path: Assets/Free Demo of Low Poly Space Alien Worlds 3D Asset Pack/Prefabs/Space Forest/SP_Sci-fi_Antenna.prefab
  artifactKey: Guid(1f4c5e97bb3997b4092f1003ab99c7fe) Importer(2089858483,b0f066a214c2f5e87bad3c948f4d605d)
Start importing Assets/Free Demo of Low Poly Space Alien Worlds 3D Asset Pack/Prefabs/Space Forest/SP_Sci-fi_Antenna.prefab using Guid(1f4c5e97bb3997b4092f1003ab99c7fe) Importer(2089858483,b0f066a214c2f5e87bad3c948f4d605d) (ScriptedImporter) -> (artifact id: '3e160a19be3a50e5644488c4c4b65844') in 0.0105173 seconds
Number of updated asset objects reloaded before import = 0Number of asset objects unloaded after import = 8

========================================================================
Received Import Request.
  Time since last request: 0.000020 seconds.
  path: Assets/Free Demo of Low Poly Space Alien Worlds 3D Asset Pack/Models/Space Forest/SP_Crystals
  artifactKey: Guid(9739b7254e438024987e3140d9f8004a) Importer(2089858483,b0f066a214c2f5e87bad3c948f4d605d)
Start importing Assets/Free Demo of Low Poly Space Alien Worlds 3D Asset Pack/Models/Space Forest/SP_Crystals using Guid(9739b7254e438024987e3140d9f8004a) Importer(2089858483,b0f066a214c2f5e87bad3c948f4d605d) (ScriptedImporter) -> (artifact id: 'c7ba3f7f168d8e4bf206a7df18a68254') in 0.0071446 seconds
Number of updated asset objects reloaded before import = 0Number of asset objects unloaded after import = 1

========================================================================
Received Import Request.
  Time since last request: 0.000012 seconds.
  path: Assets/Free Demo of Low Poly Space Alien Worlds 3D Asset Pack/Models
  artifactKey: Guid(10cd6a17d539a6147acc4365345250f0) Importer(2089858483,b0f066a214c2f5e87bad3c948f4d605d)
Start importing Assets/Free Demo of Low Poly Space Alien Worlds 3D Asset Pack/Models using Guid(10cd6a17d539a6147acc4365345250f0) Importer(2089858483,b0f066a214c2f5e87bad3c948f4d605d) (ScriptedImporter) -> (artifact id: '6247373274e255f42a39cdb0ff1664cb') in 0.0080008 seconds
Number of updated asset objects reloaded before import = 0Number of asset objects unloaded after import = 1

========================================================================
Received Import Request.
  Time since last request: 0.000016 seconds.
  path: Assets/Free Demo of Low Poly Space Alien Worlds 3D Asset Pack/Prefabs/Space Forest/SP_Plants/SP_Plant09.prefab
  artifactKey: Guid(1e293ccac7f5e0e42a10e3b989ffac87) Importer(2089858483,b0f066a214c2f5e87bad3c948f4d605d)
Start importing Assets/Free Demo of Low Poly Space Alien Worlds 3D Asset Pack/Prefabs/Space Forest/SP_Plants/SP_Plant09.prefab using Guid(1e293ccac7f5e0e42a10e3b989ffac87) Importer(2089858483,b0f066a214c2f5e87bad3c948f4d605d) (ScriptedImporter) -> (artifact id: 'e4376b61d2c7d374fe320cbc141ceeb9') in 0.0111261 seconds
Number of updated asset objects reloaded before import = 0Number of asset objects unloaded after import = 8

========================================================================
Received Import Request.
  Time since last request: 0.000016 seconds.
  path: Assets/Free Demo of Low Poly Space Alien Worlds 3D Asset Pack/Prefabs/Space Forest/SP_Plants/SP_Plant07.prefab
  artifactKey: Guid(73c246a6053362a4ab20a29df8ef198e) Importer(2089858483,b0f066a214c2f5e87bad3c948f4d605d)
Start importing Assets/Free Demo of Low Poly Space Alien Worlds 3D Asset Pack/Prefabs/Space Forest/SP_Plants/SP_Plant07.prefab using Guid(73c246a6053362a4ab20a29df8ef198e) Importer(2089858483,b0f066a214c2f5e87bad3c948f4d605d) (ScriptedImporter) -> (artifact id: 'aa3188f1c82f52aeb954ae6d5418cb4a') in 0.0101255 seconds
Number of updated asset objects reloaded before import = 0Number of asset objects unloaded after import = 8

========================================================================
Received Import Request.
  Time since last request: 0.000020 seconds.
  path: Assets/Free Demo of Low Poly Space Alien Worlds 3D Asset Pack/Prefabs/Space Forest/SP_Ground/SP_Ground05.prefab
  artifactKey: Guid(5ddfbaf52959c49469edc2bc37127911) Importer(2089858483,b0f066a214c2f5e87bad3c948f4d605d)
Start importing Assets/Free Demo of Low Poly Space Alien Worlds 3D Asset Pack/Prefabs/Space Forest/SP_Ground/SP_Ground05.prefab using Guid(5ddfbaf52959c49469edc2bc37127911) Importer(2089858483,b0f066a214c2f5e87bad3c948f4d605d) (ScriptedImporter) -> (artifact id: '7ecbf1c10829f021a65bf37f1f3428f4') in 0.0115639 seconds
Number of updated asset objects reloaded before import = 0Number of asset objects unloaded after import = 8

========================================================================
Received Import Request.
  Time since last request: 0.000014 seconds.
  path: Assets/Free Demo of Low Poly Space Alien Worlds 3D Asset Pack/Models/Space Forest/SP_Rocks/SP_Rock08.fbx
  artifactKey: Guid(e55301d5cd6d8c24b900446b07b083d4) Importer(2089858483,b0f066a214c2f5e87bad3c948f4d605d)
Start importing Assets/Free Demo of Low Poly Space Alien Worlds 3D Asset Pack/Models/Space Forest/SP_Rocks/SP_Rock08.fbx using Guid(e55301d5cd6d8c24b900446b07b083d4) Importer(2089858483,b0f066a214c2f5e87bad3c948f4d605d) (ScriptedImporter) -> (artifact id: '7c96e5cb5988d56bd26a688dd4411a9a') in 0.0176853 seconds
Number of updated asset objects reloaded before import = 0Number of asset objects unloaded after import = 9

========================================================================
Received Import Request.
  Time since last request: 0.000016 seconds.
  path: Assets/Free Demo of Low Poly Space Alien Worlds 3D Asset Pack/Prefabs/Space Forest
  artifactKey: Guid(414636d67cbee1a44885c56876ccca24) Importer(2089858483,b0f066a214c2f5e87bad3c948f4d605d)
Start importing Assets/Free Demo of Low Poly Space Alien Worlds 3D Asset Pack/Prefabs/Space Forest using Guid(414636d67cbee1a44885c56876ccca24) Importer(2089858483,b0f066a214c2f5e87bad3c948f4d605d) (ScriptedImporter) -> (artifact id: '510a6c4636e6f913b6c02c6d139b621e') in 0.0083051 seconds
Number of updated asset objects reloaded before import = 0Number of asset objects unloaded after import = 1

========================================================================
Received Import Request.
  Time since last request: 0.000015 seconds.
  path: Assets/Free Demo of Low Poly Space Alien Worlds 3D Asset Pack/Models/Space Forest/SP_Plants/SP_Plant03.fbx
  artifactKey: Guid(eb1e767deba3ebf4d82676ba3b7eea23) Importer(2089858483,b0f066a214c2f5e87bad3c948f4d605d)
Start importing Assets/Free Demo of Low Poly Space Alien Worlds 3D Asset Pack/Models/Space Forest/SP_Plants/SP_Plant03.fbx using Guid(eb1e767deba3ebf4d82676ba3b7eea23) Importer(2089858483,b0f066a214c2f5e87bad3c948f4d605d) (ScriptedImporter) -> (artifact id: '4163c5453eb0b91fac8cee285e07e6ad') in 0.0164606 seconds
Number of updated asset objects reloaded before import = 0Number of asset objects unloaded after import = 9

========================================================================
Received Import Request.
  Time since last request: 0.000020 seconds.
  path: Assets/Free Demo of Low Poly Space Alien Worlds 3D Asset Pack/Models/Space Forest/SP_Trees
  artifactKey: Guid(dec0b13e0edb8b24aaecb273005bdd82) Importer(2089858483,b0f066a214c2f5e87bad3c948f4d605d)
Start importing Assets/Free Demo of Low Poly Space Alien Worlds 3D Asset Pack/Models/Space Forest/SP_Trees using Guid(dec0b13e0edb8b24aaecb273005bdd82) Importer(2089858483,b0f066a214c2f5e87bad3c948f4d605d) (ScriptedImporter) -> (artifact id: '9066fbeb2f82c197e57f239ff35522af') in 0.007659 seconds
Number of updated asset objects reloaded before import = 0Number of asset objects unloaded after import = 1

========================================================================
Received Import Request.
  Time since last request: 0.000013 seconds.
  path: Assets/Free Demo of Low Poly Space Alien Worlds 3D Asset Pack/Models/Space Forest/SP_Mountains/SP_Mountain02.fbx
  artifactKey: Guid(504190109f008394a9d26b8b0cdf056a) Importer(2089858483,b0f066a214c2f5e87bad3c948f4d605d)
Start importing Assets/Free Demo of Low Poly Space Alien Worlds 3D Asset Pack/Models/Space Forest/SP_Mountains/SP_Mountain02.fbx using Guid(504190109f008394a9d26b8b0cdf056a) Importer(2089858483,b0f066a214c2f5e87bad3c948f4d605d) (ScriptedImporter) -> (artifact id: '29c34166c06ba05464331cb89a8a0583') in 0.0183994 seconds
Number of updated asset objects reloaded before import = 0Number of asset objects unloaded after import = 9

========================================================================
Received Import Request.
  Time since last request: 0.000011 seconds.
  path: Assets/Free Demo of Low Poly Space Alien Worlds 3D Asset Pack/Prefabs/Space Forest/SP_Rocks/SP_Rock06.prefab
  artifactKey: Guid(4229e141530e1074cbf6826842703ca8) Importer(2089858483,b0f066a214c2f5e87bad3c948f4d605d)
Start importing Assets/Free Demo of Low Poly Space Alien Worlds 3D Asset Pack/Prefabs/Space Forest/SP_Rocks/SP_Rock06.prefab using Guid(4229e141530e1074cbf6826842703ca8) Importer(2089858483,b0f066a214c2f5e87bad3c948f4d605d) (ScriptedImporter) -> (artifact id: '8754ac7079a4c058b0b768e07ef7abcd') in 0.0104358 seconds
Number of updated asset objects reloaded before import = 0Number of asset objects unloaded after import = 8

========================================================================
Received Import Request.
  Time since last request: 0.000015 seconds.
  path: Assets/Free Demo of Low Poly Space Alien Worlds 3D Asset Pack/Models/Space Forest/SP_Trees/SP_Tree01.fbx
  artifactKey: Guid(7e73add8250c34a43931c90e0051994b) Importer(2089858483,b0f066a214c2f5e87bad3c948f4d605d)
Start importing Assets/Free Demo of Low Poly Space Alien Worlds 3D Asset Pack/Models/Space Forest/SP_Trees/SP_Tree01.fbx using Guid(7e73add8250c34a43931c90e0051994b) Importer(2089858483,b0f066a214c2f5e87bad3c948f4d605d) (ScriptedImporter) -> (artifact id: 'f55e0a6a8727fe8fccf06cba65d79e54') in 0.0166577 seconds
Number of updated asset objects reloaded before import = 0Number of asset objects unloaded after import = 9

========================================================================
Received Import Request.
  Time since last request: 0.000024 seconds.
  path: Assets/Free Demo of Low Poly Space Alien Worlds 3D Asset Pack/Models/Space Forest/SP_Planet.fbx
  artifactKey: Guid(9d03a187591b3df4fa1410daadb8ae41) Importer(2089858483,b0f066a214c2f5e87bad3c948f4d605d)
Start importing Assets/Free Demo of Low Poly Space Alien Worlds 3D Asset Pack/Models/Space Forest/SP_Planet.fbx using Guid(9d03a187591b3df4fa1410daadb8ae41) Importer(2089858483,b0f066a214c2f5e87bad3c948f4d605d) (ScriptedImporter) -> (artifact id: '8ae752545cbb5caeb4f45519efd78665') in 0.0175081 seconds
Number of updated asset objects reloaded before import = 0Number of asset objects unloaded after import = 9

========================================================================
Received Import Request.
  Time since last request: 0.000016 seconds.
  path: Assets/Free Demo of Low Poly Space Alien Worlds 3D Asset Pack/Models/Space Forest/SP_Ground/SP_Ground01.fbx
  artifactKey: Guid(a9cc092fcd2f11144818dcc2a6b3559b) Importer(2089858483,b0f066a214c2f5e87bad3c948f4d605d)
Start importing Assets/Free Demo of Low Poly Space Alien Worlds 3D Asset Pack/Models/Space Forest/SP_Ground/SP_Ground01.fbx using Guid(a9cc092fcd2f11144818dcc2a6b3559b) Importer(2089858483,b0f066a214c2f5e87bad3c948f4d605d) (ScriptedImporter) -> (artifact id: 'eb8efd347b947970597301978fbb87e5') in 0.0159355 seconds
Number of updated asset objects reloaded before import = 0Number of asset objects unloaded after import = 9

========================================================================
Received Import Request.
  Time since last request: 0.000013 seconds.
  path: Assets/Free Demo of Low Poly Space Alien Worlds 3D Asset Pack/Prefabs/Demo_Scene
  artifactKey: Guid(5f2bf17e525bdb64aa6fe25b8a29afab) Importer(2089858483,b0f066a214c2f5e87bad3c948f4d605d)
Start importing Assets/Free Demo of Low Poly Space Alien Worlds 3D Asset Pack/Prefabs/Demo_Scene using Guid(5f2bf17e525bdb64aa6fe25b8a29afab) Importer(2089858483,b0f066a214c2f5e87bad3c948f4d605d) (ScriptedImporter) -> (artifact id: '8385939ac8a27c19f45b659ecb5c0f5b') in 0.0080711 seconds
Number of updated asset objects reloaded before import = 0Number of asset objects unloaded after import = 1

========================================================================
Received Import Request.
  Time since last request: 0.000013 seconds.
  path: Assets/Free Demo of Low Poly Space Alien Worlds 3D Asset Pack/Prefabs/Space Forest/SP_Trees/SP_Tree04.prefab
  artifactKey: Guid(57a0235c1101e9a46848ded0cc9ff014) Importer(2089858483,b0f066a214c2f5e87bad3c948f4d605d)
Start importing Assets/Free Demo of Low Poly Space Alien Worlds 3D Asset Pack/Prefabs/Space Forest/SP_Trees/SP_Tree04.prefab using Guid(57a0235c1101e9a46848ded0cc9ff014) Importer(2089858483,b0f066a214c2f5e87bad3c948f4d605d) (ScriptedImporter) -> (artifact id: '389d45b55a9ec52f7acb08bdd934186c') in 0.0140659 seconds
Number of updated asset objects reloaded before import = 0Number of asset objects unloaded after import = 8

========================================================================
Received Import Request.
  Time since last request: 0.000019 seconds.
  path: Assets/Free Demo of Low Poly Space Alien Worlds 3D Asset Pack/Prefabs/Space Forest/SP_Stones/SP_Stone01.prefab
  artifactKey: Guid(206e5a9f66050f84492169056dfdcb1b) Importer(2089858483,b0f066a214c2f5e87bad3c948f4d605d)
Start importing Assets/Free Demo of Low Poly Space Alien Worlds 3D Asset Pack/Prefabs/Space Forest/SP_Stones/SP_Stone01.prefab using Guid(206e5a9f66050f84492169056dfdcb1b) Importer(2089858483,b0f066a214c2f5e87bad3c948f4d605d) (ScriptedImporter) -> (artifact id: '72265b81d802f95c6bfdbe244398e21f') in 0.0107208 seconds
Number of updated asset objects reloaded before import = 0Number of asset objects unloaded after import = 8

========================================================================
Received Import Request.
  Time since last request: 0.000018 seconds.
  path: Assets/Free Demo of Low Poly Space Alien Worlds 3D Asset Pack/Models/Space Forest/SP_Stones/SP_Stone01.fbx
  artifactKey: Guid(f4762a05c7e90004fa600fb0bf5d6109) Importer(2089858483,b0f066a214c2f5e87bad3c948f4d605d)
Start importing Assets/Free Demo of Low Poly Space Alien Worlds 3D Asset Pack/Models/Space Forest/SP_Stones/SP_Stone01.fbx using Guid(f4762a05c7e90004fa600fb0bf5d6109) Importer(2089858483,b0f066a214c2f5e87bad3c948f4d605d) (ScriptedImporter) -> (artifact id: 'f70ddf8e17ba91089eb8d2372dd25473') in 0.0168468 seconds
Number of updated asset objects reloaded before import = 0Number of asset objects unloaded after import = 9

========================================================================
Received Import Request.
  Time since last request: 0.000013 seconds.
  path: Assets/Free Demo of Low Poly Space Alien Worlds 3D Asset Pack/Prefabs/Space Forest/SP_Mountains/SP_Mountain02.prefab
  artifactKey: Guid(fb5f44c1d4546d545b66d2ecf2fcb447) Importer(2089858483,b0f066a214c2f5e87bad3c948f4d605d)
Start importing Assets/Free Demo of Low Poly Space Alien Worlds 3D Asset Pack/Prefabs/Space Forest/SP_Mountains/SP_Mountain02.prefab using Guid(fb5f44c1d4546d545b66d2ecf2fcb447) Importer(2089858483,b0f066a214c2f5e87bad3c948f4d605d) (ScriptedImporter) -> (artifact id: 'c04afcd5bb5c69af114ba4ca105484ab') in 0.011985 seconds
Number of updated asset objects reloaded before import = 0Number of asset objects unloaded after import = 8

========================================================================
Received Import Request.
  Time since last request: 0.000016 seconds.
  path: Assets/Free Demo of Low Poly Space Alien Worlds 3D Asset Pack/Prefabs/Space Forest/SP_Rocks/SP_Rock08.prefab
  artifactKey: Guid(f426d5ebe04264a49b91fe36029bc1d6) Importer(2089858483,b0f066a214c2f5e87bad3c948f4d605d)
Start importing Assets/Free Demo of Low Poly Space Alien Worlds 3D Asset Pack/Prefabs/Space Forest/SP_Rocks/SP_Rock08.prefab using Guid(f426d5ebe04264a49b91fe36029bc1d6) Importer(2089858483,b0f066a214c2f5e87bad3c948f4d605d) (ScriptedImporter) -> (artifact id: 'c11660ff54ae1d2fddad537d0543859e') in 0.01241 seconds
Number of updated asset objects reloaded before import = 0Number of asset objects unloaded after import = 8

========================================================================
Received Import Request.
  Time since last request: 0.000022 seconds.
  path: Assets/Free Demo of Low Poly Space Alien Worlds 3D Asset Pack/Models/Space Forest/SP_Ground/SP_Ground02.fbx
  artifactKey: Guid(0e4b95c150afb364f94f4f13c9cb2c7e) Importer(2089858483,b0f066a214c2f5e87bad3c948f4d605d)
Start importing Assets/Free Demo of Low Poly Space Alien Worlds 3D Asset Pack/Models/Space Forest/SP_Ground/SP_Ground02.fbx using Guid(0e4b95c150afb364f94f4f13c9cb2c7e) Importer(2089858483,b0f066a214c2f5e87bad3c948f4d605d) (ScriptedImporter) -> (artifact id: '1eca2a9e4f78e02bd8690da8e553d0b7') in 0.0173295 seconds
Number of updated asset objects reloaded before import = 0Number of asset objects unloaded after import = 9

========================================================================
Received Import Request.
  Time since last request: 0.000016 seconds.
  path: Assets/Free Demo of Low Poly Space Alien Worlds 3D Asset Pack/Prefabs/Space Forest/SP_Rocks/SP_Rock04.prefab
  artifactKey: Guid(5d2b5fef9ee314143b57f1eba3f466cd) Importer(2089858483,b0f066a214c2f5e87bad3c948f4d605d)
Start importing Assets/Free Demo of Low Poly Space Alien Worlds 3D Asset Pack/Prefabs/Space Forest/SP_Rocks/SP_Rock04.prefab using Guid(5d2b5fef9ee314143b57f1eba3f466cd) Importer(2089858483,b0f066a214c2f5e87bad3c948f4d605d) (ScriptedImporter) -> (artifact id: 'ba50b7f6635e6c873cbeea30f750e91e') in 0.0144723 seconds
Number of updated asset objects reloaded before import = 0Number of asset objects unloaded after import = 8

========================================================================
Received Import Request.
  Time since last request: 0.000014 seconds.
  path: Assets/Free Demo of Low Poly Space Alien Worlds 3D Asset Pack/Prefabs/Space Forest/SP_Mountains/SP_Mountain03.prefab
  artifactKey: Guid(4bc5d8d963ddfac48b69f5bba53a41c8) Importer(2089858483,b0f066a214c2f5e87bad3c948f4d605d)
Start importing Assets/Free Demo of Low Poly Space Alien Worlds 3D Asset Pack/Prefabs/Space Forest/SP_Mountains/SP_Mountain03.prefab using Guid(4bc5d8d963ddfac48b69f5bba53a41c8) Importer(2089858483,b0f066a214c2f5e87bad3c948f4d605d) (ScriptedImporter) -> (artifact id: '28bec162b8d4e629226250241be70afe') in 0.0115556 seconds
Number of updated asset objects reloaded before import = 0Number of asset objects unloaded after import = 8

========================================================================
Received Import Request.
  Time since last request: 0.000017 seconds.
  path: Assets/Free Demo of Low Poly Space Alien Worlds 3D Asset Pack/Models/Space Forest/SP_Ground
  artifactKey: Guid(4debc1e57fd32ae4b9dc7e61e6ea2e77) Importer(2089858483,b0f066a214c2f5e87bad3c948f4d605d)
Start importing Assets/Free Demo of Low Poly Space Alien Worlds 3D Asset Pack/Models/Space Forest/SP_Ground using Guid(4debc1e57fd32ae4b9dc7e61e6ea2e77) Importer(2089858483,b0f066a214c2f5e87bad3c948f4d605d) (ScriptedImporter) -> (artifact id: '5c2c443c32fbc5f6c4a90e96d6114f38') in 0.0086615 seconds
Number of updated asset objects reloaded before import = 0Number of asset objects unloaded after import = 1

========================================================================
Received Import Request.
  Time since last request: 0.000020 seconds.
  path: Assets/Free Demo of Low Poly Space Alien Worlds 3D Asset Pack/Prefabs/Space Forest/SP_Plants/SP_Plant03.prefab
  artifactKey: Guid(474ca8a9176326b4f91a03b26e36d98a) Importer(2089858483,b0f066a214c2f5e87bad3c948f4d605d)
Start importing Assets/Free Demo of Low Poly Space Alien Worlds 3D Asset Pack/Prefabs/Space Forest/SP_Plants/SP_Plant03.prefab using Guid(474ca8a9176326b4f91a03b26e36d98a) Importer(2089858483,b0f066a214c2f5e87bad3c948f4d605d) (ScriptedImporter) -> (artifact id: 'c73bfa297a232dd001f755041dea0536') in 0.0122826 seconds
Number of updated asset objects reloaded before import = 0Number of asset objects unloaded after import = 8

========================================================================
Received Import Request.
  Time since last request: 0.000013 seconds.
  path: Assets/Free Demo of Low Poly Space Alien Worlds 3D Asset Pack/Models/Space Forest/SP_Plants/SP_Plant09.fbx
  artifactKey: Guid(16646cec63d370245b5c45c64aef65c7) Importer(2089858483,b0f066a214c2f5e87bad3c948f4d605d)
Start importing Assets/Free Demo of Low Poly Space Alien Worlds 3D Asset Pack/Models/Space Forest/SP_Plants/SP_Plant09.fbx using Guid(16646cec63d370245b5c45c64aef65c7) Importer(2089858483,b0f066a214c2f5e87bad3c948f4d605d) (ScriptedImporter) -> (artifact id: '03d36746bb9cf6dc50e5c3a3dd926477') in 0.0174985 seconds
Number of updated asset objects reloaded before import = 0Number of asset objects unloaded after import = 9

========================================================================
Received Import Request.
  Time since last request: 0.000024 seconds.
  path: Assets/Free Demo of Low Poly Space Alien Worlds 3D Asset Pack/Models/Space Forest/SP_Plants
  artifactKey: Guid(857927973bcd3a24681bcb20c8f72f79) Importer(2089858483,b0f066a214c2f5e87bad3c948f4d605d)
Start importing Assets/Free Demo of Low Poly Space Alien Worlds 3D Asset Pack/Models/Space Forest/SP_Plants using Guid(857927973bcd3a24681bcb20c8f72f79) Importer(2089858483,b0f066a214c2f5e87bad3c948f4d605d) (ScriptedImporter) -> (artifact id: '839c8ba21b04f50478492930d416e70c') in 0.0082553 seconds
Number of updated asset objects reloaded before import = 0Number of asset objects unloaded after import = 1

========================================================================
Received Import Request.
  Time since last request: 0.000014 seconds.
  path: Assets/Free Demo of Low Poly Space Alien Worlds 3D Asset Pack/Models/Space Forest/SP_Rocks/SP_Rock07.fbx
  artifactKey: Guid(f65f9a209070f7f41bc1ab669c9039d1) Importer(2089858483,b0f066a214c2f5e87bad3c948f4d605d)
Start importing Assets/Free Demo of Low Poly Space Alien Worlds 3D Asset Pack/Models/Space Forest/SP_Rocks/SP_Rock07.fbx using Guid(f65f9a209070f7f41bc1ab669c9039d1) Importer(2089858483,b0f066a214c2f5e87bad3c948f4d605d) (ScriptedImporter) -> (artifact id: '9d20548325b354265e596d4bf500757a') in 0.0153664 seconds
Number of updated asset objects reloaded before import = 0Number of asset objects unloaded after import = 9

========================================================================
Received Import Request.
  Time since last request: 0.000021 seconds.
  path: Assets/Free Demo of Low Poly Space Alien Worlds 3D Asset Pack/Models/Space Forest/SP_Rocks/SP_Rock02.fbx
  artifactKey: Guid(28aab7cd4ce441f42a44e2fb72d976ab) Importer(2089858483,b0f066a214c2f5e87bad3c948f4d605d)
Start importing Assets/Free Demo of Low Poly Space Alien Worlds 3D Asset Pack/Models/Space Forest/SP_Rocks/SP_Rock02.fbx using Guid(28aab7cd4ce441f42a44e2fb72d976ab) Importer(2089858483,b0f066a214c2f5e87bad3c948f4d605d) (ScriptedImporter) -> (artifact id: '12fcd30d69b3d296fceff49ecd90f2c8') in 0.013988 seconds
Number of updated asset objects reloaded before import = 0Number of asset objects unloaded after import = 9

========================================================================
Received Import Request.
  Time since last request: 0.000013 seconds.
  path: Assets/Free Demo of Low Poly Space Alien Worlds 3D Asset Pack/Models/Space Forest/SP_Plants/SP_Plant06.fbx
  artifactKey: Guid(b7f3c0d3c44efb54b9f451d7333c6513) Importer(2089858483,b0f066a214c2f5e87bad3c948f4d605d)
Start importing Assets/Free Demo of Low Poly Space Alien Worlds 3D Asset Pack/Models/Space Forest/SP_Plants/SP_Plant06.fbx using Guid(b7f3c0d3c44efb54b9f451d7333c6513) Importer(2089858483,b0f066a214c2f5e87bad3c948f4d605d) (ScriptedImporter) -> (artifact id: 'b64400095999e27a4fc740f25e72e3d5') in 0.0147443 seconds
Number of updated asset objects reloaded before import = 0Number of asset objects unloaded after import = 9

========================================================================
Received Import Request.
  Time since last request: 0.000013 seconds.
  path: Assets/Free Demo of Low Poly Space Alien Worlds 3D Asset Pack/Prefabs/Space Forest/SP_Rocks/SP_Rock05.prefab
  artifactKey: Guid(db774f6832a181146ae76eea65427fdc) Importer(2089858483,b0f066a214c2f5e87bad3c948f4d605d)
Start importing Assets/Free Demo of Low Poly Space Alien Worlds 3D Asset Pack/Prefabs/Space Forest/SP_Rocks/SP_Rock05.prefab using Guid(db774f6832a181146ae76eea65427fdc) Importer(2089858483,b0f066a214c2f5e87bad3c948f4d605d) (ScriptedImporter) -> (artifact id: 'db09afa7d2259cbb9b19eb8157516d1f') in 0.0101262 seconds
Number of updated asset objects reloaded before import = 0Number of asset objects unloaded after import = 8

========================================================================
Received Import Request.
  Time since last request: 0.000015 seconds.
  path: Assets/Free Demo of Low Poly Space Alien Worlds 3D Asset Pack/Prefabs/Space Forest/SP_Rocks/SP_Rock07.prefab
  artifactKey: Guid(d273c433bfe67834796291b54c982bec) Importer(2089858483,b0f066a214c2f5e87bad3c948f4d605d)
Start importing Assets/Free Demo of Low Poly Space Alien Worlds 3D Asset Pack/Prefabs/Space Forest/SP_Rocks/SP_Rock07.prefab using Guid(d273c433bfe67834796291b54c982bec) Importer(2089858483,b0f066a214c2f5e87bad3c948f4d605d) (ScriptedImporter) -> (artifact id: 'a3cf2a923281423dcbb3b499151428c7') in 0.0106455 seconds
Number of updated asset objects reloaded before import = 0Number of asset objects unloaded after import = 8

========================================================================
Received Import Request.
  Time since last request: 0.000019 seconds.
  path: Assets/Free Demo of Low Poly Space Alien Worlds 3D Asset Pack/Prefabs/Space Forest/SP_Rocks/SP_Rock02.prefab
  artifactKey: Guid(d55a67cc090c4bf468c95c4456059261) Importer(2089858483,b0f066a214c2f5e87bad3c948f4d605d)
Start importing Assets/Free Demo of Low Poly Space Alien Worlds 3D Asset Pack/Prefabs/Space Forest/SP_Rocks/SP_Rock02.prefab using Guid(d55a67cc090c4bf468c95c4456059261) Importer(2089858483,b0f066a214c2f5e87bad3c948f4d605d) (ScriptedImporter) -> (artifact id: '41021b3136c2856439cab02a3a3f9292') in 0.0106034 seconds
Number of updated asset objects reloaded before import = 0Number of asset objects unloaded after import = 8

========================================================================
Received Import Request.
  Time since last request: 0.000015 seconds.
  path: Assets/Free Demo of Low Poly Space Alien Worlds 3D Asset Pack/Models/Space Forest/SP_Rocks
  artifactKey: Guid(01ff1360fca65f74c88f87c8cbd486fa) Importer(2089858483,b0f066a214c2f5e87bad3c948f4d605d)
Start importing Assets/Free Demo of Low Poly Space Alien Worlds 3D Asset Pack/Models/Space Forest/SP_Rocks using Guid(01ff1360fca65f74c88f87c8cbd486fa) Importer(2089858483,b0f066a214c2f5e87bad3c948f4d605d) (ScriptedImporter) -> (artifact id: 'e4a347a47edc4f408063c59c5dd5db24') in 0.0084102 seconds
Number of updated asset objects reloaded before import = 0Number of asset objects unloaded after import = 1

========================================================================
Received Import Request.
  Time since last request: 0.000012 seconds.
  path: Assets/Free Demo of Low Poly Space Alien Worlds 3D Asset Pack/Prefabs/Space Forest/SP_Stones
  artifactKey: Guid(8a29473098c60ca4ab4c007cd8a5f69b) Importer(2089858483,b0f066a214c2f5e87bad3c948f4d605d)
Start importing Assets/Free Demo of Low Poly Space Alien Worlds 3D Asset Pack/Prefabs/Space Forest/SP_Stones using Guid(8a29473098c60ca4ab4c007cd8a5f69b) Importer(2089858483,b0f066a214c2f5e87bad3c948f4d605d) (ScriptedImporter) -> (artifact id: '8c8749b645a3ca4644da775288475f7e') in 0.0083078 seconds
Number of updated asset objects reloaded before import = 0Number of asset objects unloaded after import = 1

========================================================================
Received Import Request.
  Time since last request: 0.000022 seconds.
  path: Assets/Free Demo of Low Poly Space Alien Worlds 3D Asset Pack/Prefabs/Space Forest/SP_Plants/SP_Plant05.prefab
  artifactKey: Guid(95f8af9d672aa034db19bf032d3481b9) Importer(2089858483,b0f066a214c2f5e87bad3c948f4d605d)
Start importing Assets/Free Demo of Low Poly Space Alien Worlds 3D Asset Pack/Prefabs/Space Forest/SP_Plants/SP_Plant05.prefab using Guid(95f8af9d672aa034db19bf032d3481b9) Importer(2089858483,b0f066a214c2f5e87bad3c948f4d605d) (ScriptedImporter) -> (artifact id: '322d51107927f26e3450bd810799625e') in 0.0137577 seconds
Number of updated asset objects reloaded before import = 0Number of asset objects unloaded after import = 8

Editor requested this worker to shutdown with reason: Scaling down because of idle timeout
AssetImportWorker is now disconnected from the server
Process exiting
Exiting without the bug reporter. Application will terminate with return code 0